{[2, 0, 3]=>Unknown(), [4]=>Function_literal(takes=1, returns=3), [5, 6]=>Function_literal(takes=0, returns=4)}