root[(ident(define):: ident(main):: block[][(block[ident(a)::, ident(b)::, ident(c)::, ident(d)::][(ident(a)::)::]::Function)::Function]::Function)::]::