root[(ident(define):: ident(main):: block[][(ident(define):: ident(f):: block[][(<x = (block[][(ident(2)::)::]::)::>::)::]::Function)::, ((ident(f)::Function ()::Unit)::<x = Function>.x::Function ()::Unit)::Integer]::Function)::]::