{[10, 11, 12, 15]=>Literal(subtype=integer), [14, 13]=>Open_function, [17, 18]=>Function_literal(takes=13, returns=16)}