root[(ident(define):: ident(main):: block[][(block[][(ident(define):: ident(f):: ident(f)::)::, (ident(f):: ident(a)::)::]::Function)::Function]::Function)::]::