root[(ident(define):: ident(main):: block[][(block[][(ident(this)::.that::.you::)::, (ident(are)::.too::.cool::)::]::Function)::Function]::Function)::]::