root[(ident(define):: ident(main):: block[][(block[][(((((ident(x)::)::)::)::)::)::]::Function)::Function]::Function)::]::