root[(ident(define):: ident(main):: block[][(ident(define):: ident(x):: (ident(One):: ident(1)::Integer)::[^ One Integer, Two Integer Integer, Three Integer Integer Integer ])::, (ident(_update):: ident(x)::[^ One Integer ] (ident(Two):: ident(1)::Integer ident(2)::Integer)::[^ Two Integer Integer ])::[^ One Integer, Two Integer Integer ], (ident(_update):: ident(x)::[^ One Integer, Two Integer Integer ] (ident(Three):: ident(1)::Integer ident(2)::Integer ident(3)::Integer)::[^ Three Integer Integer Integer ])::[^ One Integer, Two Integer Integer, Three Integer Integer Integer ], (ident(match):: ident(x)::[^ One Integer, Two Integer Integer, Three Integer Integer Integer ] block[][(ident(->):: (ident(One):: ident(x)::Integer):: (ident(x)::Integer)::Integer)::, (ident(->):: (ident(Two):: ident(a)::Integer ident(b)::Integer):: (ident(b)::Integer)::Integer)::, (ident(->):: (ident(Three):: ident(a)::Integer ident(b)::Integer ident(c)::Integer):: (ident(c)::Integer)::Integer)::]::)::Integer]::Function)::]::