root[(ident(define):: ident(main):: block[][(ident(define):: ident(x):: (ident(Some):: ident(2)::Integer)::[^ Some Integer ])::, (ident(match):: ident(x)::[^ Some Integer ] block[][(ident(->):: (ident(Some):: ident(a)::Integer):: (ident(a)::Integer)::Integer)::, (ident(->):: ident(None):: (ident(0)::)::)::]::)::Integer]::Function)::]::