{[0, 2]=>Literal(subtype=integer), [1, 3]=>Literal(subtype=integer), [4]=>Closed_object(fields={"x"=>3, "y"=>2})}