{[3]=>Open_function, [0, 1, 2, 4]=>Open_object(fields={"this"=>3})}