root[(ident(define):: ident(main):: block[][(ident(define):: ident(x):: <y = (ident(3)::Integer)::Integer>::<y = Integer>)::, (ident(define):: ident(l):: block[][(ident(x)::)::]::Function)::, (ident(define):: ident(x):: ident(2)::Integer)::, ((ident(l)::Function ()::Unit)::<y = Integer>.y::Integer)::Integer]::Function)::]::