root[(ident(define):: ident(main):: block[][(block[ident(x)::][(ident(define):: ident(x):: ident(2)::)::, (ident(x)::)::]::Function)::Function]::Function)::]::