{[4, 5]=>Unknown(), [6, 7]=>Unknown(), [0, 1, 2, 3, 8]=>Open_object(fields={"that"=>4, "this"=>6})}