root[(ident(define):: ident(sleep):: block[ident(x)::][(ident(x)::.sleep::)::, (ident(x)::)::]::Function)::, (ident(define):: ident(main):: block[][(ident(define):: ident(x):: <sleep = (ident(2)::Integer)::Integer , hi = (ident(3)::Integer)::Integer>::<sleep = Integer, hi = Integer>)::, (ident(define):: ident(y):: <sleep = (string(cool)::String)::String , there = (ident(4)::Integer)::Integer>::<sleep = String, there = Integer>)::, ((ident(sleep)::Function ident(x)::<sleep = Integer, hi = Integer>)::<sleep = Integer, hi = Integer>.hi::Integer)::Integer, ((ident(sleep)::Function ident(y)::<sleep = String, there = Integer>)::<sleep = String, there = Integer>.there::Integer)::Integer]::Function)::]::