root[(ident(define):: ident(main):: block[][(ident(define):: ident(x):: <field = ((ident(One):: ident(2)::Integer)::[^ One Integer ])::[^ One Integer ]>::<field = [^ One Integer, Two String ]>)::, (ident(while):: (ident(true)::Bool)::Bool block[][(ident(if):: (ident(true)::Bool)::Bool block[][(ident(_update):: (ident(x)::<field = [^ One Integer, Two String ]>.field::[^ One Integer, Two String ])::[^ One Integer ] (ident(Two):: string(hi)::String)::[^ Two String ])::]:: block[][(ident(_update):: (ident(x)::<field = [^ One Integer, Two String ]>.field::[^ One Integer, Two String ])::[^ One Integer, Two String ] (ident(One):: ident(3)::Integer)::[^ One Integer ])::]::)::]::)::Unit]::Function)::]::