const global_functions = {1: {}};
function main() {
	return var x = {Hi: [2]};
}
console.log(main());
var test/golden/js_compiler/basic_variant.brie_main = new_closure(1)