function fn_1_() {
	var x = 3;
	var f = new_closure().fill_in_arguments(x);
	f.fill_in_arguments().call(fn_3_)
}
function fn_3_(x) {
	x
}
var test/golden/js_compiler/close_over_require.brie_close_over = {main: new_closure().fill_in_arguments()}
function main() {
	test/golden/js_compiler/close_over_require.brie_close_over.main.fill_in_arguments().call(fn_1_)
}