function fn_2_(x) {
	return x;
}
function main() {
	var x = 3;
	var f = new_closure().fill_in_arguments(x);
	return f.fill_in_arguments().call(fn_2_);
}