const global_functions = {1: {},2: {"Integer,Function,String": fn_2_Integer__Function__String,"Integer,String,Function": fn_2_Integer__String__Function},3: {}};
function fn_2_Integer__Function__String(x,y,z) {
	return x;
}
function fn_2_Integer__String__Function(x,y,z) {
	return x;
}
function main() {
	var f = new_closure(2);
	var y = new_closure(3);
	var f = f.partial(2, "Integer");
	f.partial(y, "Function").partial("hi", "String").call();
	return f.partial("hi", "String").partial(y, "Function").call();
}
var test/golden/js_compiler/function_partial_apply.brie_main = new_closure(1)
console.log(main());