const global_functions = {1: {}};
function main() {
	if (true) {return 3;} else {return 2;};
}
var test/golden/js_compiler/if_else_not_return.brie_main = new_closure(1)
console.log(main());