const global_functions = {1: {}};
function main() {
	if (true) {3;} else {2;};
	return false;
}
console.log(main());