const global_functions = {1: {}};
function main() {
	if (true) {return 1;} else {if (false) {return 2;} else {return 3;};};
}
console.log(main());