const global_functions = {1: {}};
function main() {
	var x = {y: 3};
	return x.y;
}
console.log(main());
var test/golden/js_compiler/object_dot_access.brie_main = new_closure(1)