const global_functions = {1: {}};
function main() {
	var x = {Hi: [{x: {There: ["you"]}}]};
	return (x = {Hi: [{x: {There: ["wow"]}}]});
}
var test/golden/js_compiler/variant_in_object_update.brie_main = new_closure(1)
console.log(main());