const global_functions = {1: {}};
function main() {
	var x = {Hi: [{x: {There: ["you"]}}]};
	return (x = {Hi: [{x: {COol: [2]}}]});
}
console.log(main());
var test/golden/js_compiler/variant_in_object_differ.brie_main = new_closure(1)