const global_functions = {1: {}};
function main() {
	var x = {Hi: ["there"]};
	return (x = {You: ["turtle"]});
}
var test/golden/js_compiler/variants_differ.brie_main = new_closure(1)
console.log(main());