const global_functions = {1: {}};
function main() {
	while (true) {2;};
	return 3;
}
console.log(main());
var test/golden/js_compiler/while_no_return.brie_main = new_closure(1)